// Jest Snapshot v1, https://goo.gl/fbAQLP

exports[`UI/Button component snapshot renders 1`] = `
<button
  className="bg-gradient-to-b from-green-400 via-green-500 to-green-600 border-green-500 hover:from-green-600 hover:via-green-700 hover:to-green-800 text-sm border text-white rounded-md px-6 py-2 my-4 transition duration-500 ease select-none focus:outline-none focus:shadow-outline"
  onClick={[Function]}
  type="button"
>
  
</button>
`;
