// Jest Snapshot v1, https://goo.gl/fbAQLP

exports[`UI/SmallButton component snapshot renders 1`] = `
<button
  className="bg-gradient-to-b from-green-100 to-green-200 border-green-100 text-xs hover:bg-green-400 hover:from-green-200 hover:to-green-300 border text-green-800 rounded-md px-2 py-0 transition duration-500 ease select-none focus:outline-none focus:shadow-outline "
  onClick={[Function]}
  type="button"
>
  
</button>
`;
